// Jest Snapshot v1, https://goo.gl/fbAQLP

exports[`renders correctly 1`] = `
<div
  className="d-flex fixed-top header px-2 py-2"
>
  <div
    className="d-flex"
  >
    <a
      href="/"
      onClick={[Function]}
    >
      <box-icon
        color="white"
        name="chevron-left"
        type="solid"
      />
    </a>
    <div
      className="text-white"
    >
      
    </div>
  </div>
  <div
    className="text-white"
  >
    
  </div>
  <div
    className="d-flex"
  >
    <div
      className="me-4"
    >
      <box-icon
        color="white"
        name="microphone"
      />
    </div>
    <div>
      <box-icon
        color="white"
        name="cog"
      />
    </div>
  </div>
</div>
`;
