// Jest Snapshot v1, https://goo.gl/fbAQLP

exports[`renders correctly 1`] = `
<div
  className="country-div pb-3 lighter-bg"
>
  <a
    aria-current="page"
    className="active"
    href="/"
    onClick={[Function]}
    style={Object {}}
  >
    <span
      className="country-arrow"
    >
      <box-icon
        color="#fff"
        name="right-arrow-circle"
        size="1rem"
      />
    </span>
    <div
      className="country-bx"
    >
      <box-icon
        color="#7B2C4B"
        name="map"
        size="6rem"
      />
    </div>
    <div
      className="country-text me-2"
    >
      <div
        className="country-name"
      >
        
      </div>
      <div
        className="country-sub-cases"
      >
        0
      </div>
    </div>
  </a>
</div>
`;
